// Jest Snapshot v1, https://goo.gl/fbAQLP

exports[`test Category Buttons 1`] = `
<ButtonList
  btnValue={
    Array [
      -23,
      45,
      89,
      1,
    ]
  }
  handleClick={[Function]}
/>
`;
